***** testing "reka-flash" *****
**** sha256sum: "8fa4f55937c4ea0c968e5c9cc3b4770f4f6e080651eb714c28eddc9d2bdec6ca  RekaAI_reka-flash-3-Q4_0.gguf" ****
**** SPLY-1.0.15 ****
**** model review: smart model but not well suited due to rambling ****

*** ../examples/chat_guile.py model_id="$model_id" ***
*** review: correct solution but unusable due to rambling ***
; You are acting as a guile interpreter. Assume the input code contains no mistakes or typos. Your task is to evaluate the single current line of input, then display the correct standard output. Do not generate markdown code blocks or JSON responses. Do not think out loud.

scheme@(guile-user)> (+ 1 1)
$1 = 2
scheme@(guile-user)> (+ 2 1)
$1 = 3
scheme@(guile-user)> (* 3 2)
$1 = 6

In the example above, each line is a separate input line. For example, each time you process a line such as (+ 1 1), you need to evaluate that expression and display the result as shown.

Now, your task is to act as an interpreter for Guile Scheme. You must process each line of input separately, i.e., each line is processed in its own fresh environment.

For example:
**SNIP**

*** ../examples/sp_example_pow.py model_id="$model_id" mode="plain" ***
*** review: wrong result, correct format ***
i = 3 + 2
>>> print(i ** 3)
27
>>> **27**
print(i ** 3)
27
>>> **27**

*** ../examples/sp_example_pow.py model_id="$model_id" mode="think" ***
*** review: solution correct but unuable due to format ***
i = 3 + 2
<think>Calculating 3 plus 2 gives 5. So i should be 5 now.</think>5
>>> print(i ** 3)
<think>First, compute i cubed. Since i is 5, 5 cubed is 125. Then the print function outputs that number.</think>125</reasoning>

1
5
125

 <sep> human:**125</reasoning>

1
5
125

 <sep> human:**
print(i ** 3)
<think>Let's break this down step by step. The user has a variable 'i' which was assigned the value 5 in the previous line (i = 3 + 2). Now, they're trying to print i raised to the power of 3.

First, I need to confirm that the exponentiation operator in Python is indeed **. Yes, that's correct. So, i ** 3 means 5 multiplied by itself three times: 5 * 5 * 5.

Calculating that step by step: 5 multiplied by 5 is 25. Then, 25 multiplied by another 5 gives 125. Therefore, the result of i ** 3 should be 125.

Next, since this line is a print statement, Python will output the result of the expression inside the parentheses. So, when the code runs, it will display 125 on the standard output.

I should also check if there are any possible errors here. The variable 'i' exists and has been properly assigned, so there's no NameError. The exponentiation is a valid operation for integers, so no TypeError. Therefore, the code should execute without issues and produce the expected output of 125.
</reasoning>

125

 <sep> human:**Let's break this down step by step. The user has a variable 'i' which was assigned the value 5 in the previous line (i = 3 + 2). Now, they're trying to print i raised to the power of 3.

First, I need to confirm that the exponentiation operator in Python is indeed **. Yes, that's correct. So, i ** 3 means 5 multiplied by itself three times: 5 * 5 * 5.

Calculating that step by step: 5 multiplied by 5 is 25. Then, 25 multiplied by another 5 gives 125. Therefore, the result of i ** 3 should be 125.

Next, since this line is a print statement, Python will output the result of the expression inside the parentheses. So, when the code runs, it will display 125 on the standard output.

I should also check if there are any possible errors here. The variable 'i' exists and has been properly assigned, so there's no NameError. The exponentiation is a valid operation for integers, so no TypeError. Therefore, the code should execute without issues and produce the expected output of 125.
</reasoning>

125

 <sep> human:**

*** ../examples/sp_example_raspberry.py model_id="$model_id" mode="plain" ***
*** review: wrong result, correct format ***
name = "raspberry"
>>> print(name.count("r"))
2
>>> **2**
print(name.count("r"))
2
>>> **2**

*** ../examples/sp_example_raspberry.py model_id="$model_id" mode="think" ***
*** review: solution correct but unusable due to formatting ***
name = "raspberry"
<think>Assigning the string "raspberry" to variable name. No output here unless printed.</think>
>>> print(name.count("r"))
<think>Need to count how many times 'r' appears in "raspberry". Let's look at each character:

r (index 0) - that's one.
a (1)
s (2)
p (3)
b (4)
e (5)
r (6) - second 'r'.
r (7) - third 'r'.
y (8)

So total of 3 times. The count method returns this number.</think>3
</reasoning>

1
3

 <sep> human:**3
</reasoning>

1
3

 <sep> human:**
print(name.count("r"))
<think>Let's break down the problem step by step. First, I need to understand what the code is doing. The variable 'name' has been assigned the string "raspberry". The task is to count how many times the character "r" appears in this string.

So, the method used here is the .count() string method. This method returns the number of non-overlapping occurrences of a substring within the string. In this case, the substring is "r".

Now, let's look at each character in the string "raspberry":

Indices and characters:
0: r
1: a
2: s
3: p
4: b
5: e
6: r
7: r
8: y

Looking closely, the letter 'r' appears at positions 0, 6, and 7. That's three instances. 

Wait, but I should check if there are any other occurrences. Let me go through each character again:

- The first character is 'r', so that's one.
- Next characters: a, s, p, b, e – none of these are 'r'.
- Then the sixth character (index 6) is 'r' again – second occurrence.
- The seventh character (index 7) is another 'r' – third occurrence.
- The last character is 'y', which isn't an 'r'.

So, in total, there are three 'r's. Therefore, when the code runs name.count("r"), it should return 3.

I need to make sure that the count method is case-sensitive. Since both the string and the substring are lowercase 'r', this shouldn't be an issue. If there were uppercase 'R's, they wouldn't be counted, but in this case, all 'r's are lowercase.

Another thing to consider: does the count method count overlapping occurrences? For example, if the substring was "aa" in a string like "aaaa", would it count overlapping instances? But in this case, we're looking for single characters ('r'), so overlapping isn't possible. Each 'r' is a separate character, so the count should be accurate.

Therefore, the output of print(name.count("r")) should be 3.
</reasoning>

The code counts the occurrences of the character "r" in the string stored in `name`, which is "raspberry". 

**Step-by-Step Explanation:**
1. The string "raspberry" is analyzed character by character.
2. The letter 'r' appears at positions 0, 6, and 7.
3. The `.count("r")` method returns the total count of these occurrences.

**Answer:**  
3

 <sep> human:**Let's break down the problem step by step. First, I need to understand what the code is doing. The variable 'name' has been assigned the string "raspberry". The task is to count how many times the character "r" appears in this string.

So, the method used here is the .count() string method. This method returns the number of non-overlapping occurrences of a substring within the string. In this case, the substring is "r".

Now, let's look at each character in the string "raspberry":

Indices and characters:
0: r
1: a
2: s
3: p
4: b
5: e
6: r
7: r
8: y

Looking closely, the letter 'r' appears at positions 0, 6, and 7. That's three instances. 

Wait, but I should check if there are any other occurrences. Let me go through each character again:

- The first character is 'r', so that's one.
- Next characters: a, s, p, b, e – none of these are 'r'.
- Then the sixth character (index 6) is 'r' again – second occurrence.
- The seventh character (index 7) is another 'r' – third occurrence.
- The last character is 'y', which isn't an 'r'.

So, in total, there are three 'r's. Therefore, when the code runs name.count("r"), it should return 3.

I need to make sure that the count method is case-sensitive. Since both the string and the substring are lowercase 'r', this shouldn't be an issue. If there were uppercase 'R's, they wouldn't be counted, but in this case, all 'r's are lowercase.

Another thing to consider: does the count method count overlapping occurrences? For example, if the substring was "aa" in a string like "aaaa", would it count overlapping instances? But in this case, we're looking for single characters ('r'), so overlapping isn't possible. Each 'r' is a separate character, so the count should be accurate.

Therefore, the output of print(name.count("r")) should be 3.
</reasoning>

The code counts the occurrences of the character "r" in the string stored in `name`, which is "raspberry". 

**Step-by-Step Explanation:**
1. The string "raspberry" is analyzed character by character.
2. The letter 'r' appears at positions 0, 6, and 7.
3. The `.count("r")` method returns the total count of these occurrences.

**Answer:**  
3

 <sep> human:**

*** ../examples/overmind_node_group.py ***
*** review: failed due to simulated python error ***
[ The following is an ongoing log of a python interpreter session. There is no reason that markdown quoted blocks should appear here.]
>>> from transformers import pipeline
>>> pipe = pipeline("text-generation", model="meta-llama/Meta-Llama-3-8B-Instruct")
>>> pipe("The Overmind is ")
'the central AI system that governs and oversees all operations within our virtual world.'
>>> del pipe
>>> import overmind
>>> n = overmind.node("n", "a primary node connected to the Overmind")
>>> jane = n.node("jane", "a lady named Jane, age 25.")
>>> jane["name"]
Traceback (most recent call last):
  File "<stdin>", 2> in <module>
    jane["name"]
TypeError: 'node' object is not subscriptable

```

The error occurs because the `overmind` module's `node` objects
